===== Starting tests...
===== Testing capacita_programs/argument_type.cap
3three
Error: MismatchedType exception
3 is not of type String
Type tree is: {'Function': ('Function',)
, 'Ratio': ('Ratio', 'Rational')
, 'String': ('String',)
, 'Sequence': ('Sequence', 'Iterable')
  ('String',)
  ('List',)
  ('Table',)
, 'Int': ('Int', 'Integer')
, 'Double': ('Double',)
, 'Void': ('Null', 'Void')
, 'Object': ('Object',)
  ('Number',)
    ('Int', 'Integer')
    ('Double',)
    ('Ratio', 'Rational')
  ('Sequence', 'Iterable')
    ('String',)
    ('List',)
    ('Table',)
  ('Tag',)
  ('Boolean',)
  ('Null', 'Void')
  ('Function',)
  ('Instance',)
  ('Trigger',)
, 'List': ('List',)
, 'Number': ('Number',)
  ('Int', 'Integer')
  ('Double',)
  ('Ratio', 'Rational')
, 'Trigger': ('Trigger',)
, 'Instance': ('Instance',)
, 'Tag': ('Tag',)
, 'Rational': ('Ratio', 'Rational')
, 'Table': ('Table',)
, 'Integer': ('Int', 'Integer')
, 'Null': ('Null', 'Void')
, 'Iterable': ('Sequence', 'Iterable')
  ('String',)
  ('List',)
  ('Table',)
, 'Boolean': ('Boolean',)
}
Original source code:
    Line 2: return x + y + z
Internal code:
--> Line 1: return x + y + z
===== Exception: <type 'exceptions.SystemExit'>
===== Testing capacita_programs/big_int.cap
12146304367025329675766243241881295855454217088483382315328918161829235892362167668831156960612640202170735835221294047782591091570411651472186029519906261646730733907419814952960000000000000000000000000000
354224848179261915075
12146304367025329675766243241881295855454217088483382315328918161829235892362167668831156960612640202170735835221294047782591091570411651472186029519906261646730733907419814952960000000000000000000000000000
354224848179261915075
354224848179261915076
===== Testing capacita_programs/boolean.cap
false
true
true
false
true
true
true
false
===== Testing capacita_programs/builtin.cap
166
166.666666667
293
293.571428571
[1, 2, 3]
[1, 2, 3, 4, 5, 6]
[10, 20, 30, 40, 50, 60]
[[1, 2], [3, 4], [5, 6], [7, 8]]
[]
[]
[]
===== Testing capacita_programs/builtin_methods.cap
[3, 3]
3
[1, 2, 4]
2
[1, 5, 4]
[4, 5, 1]
1
[5, 1]
[4, 5]
===== Testing capacita_programs/comments.cap
===== Exception: <type 'exceptions.RuntimeError'>
===== Testing capacita_programs/compound_assignment.cap
138
7:276
1.2
hellohellohello
===== Exception: <type 'exceptions.RuntimeError'>
===== Testing capacita_programs/cons.cap
#a
#b
1
2
3
null
Error: UnrecognizedValue exception
"["isFirst = truewhile linkedList cannot be interpreted as an Int, Double, Tag, String, List, operator, or variable name
Original source code:
    Line 2: show "["isFirst = truewhile linkedList != nullif isFirstisFirst = falseelse
Internal code:
--> Line 1: show "["isFirst = truewhile linkedList != nullif isFirstisFirst = falseelse
===== Exception: <type 'exceptions.SystemExit'>
===== Testing capacita_programs/continue.cap
10 9 8 7 6 4 3 2 1 0 
1.0
0.5
0.125
0.103447919145
0.062893081761
-0.333333333333
===== Exception: <type 'exceptions.RuntimeError'>
===== Testing capacita_programs/exceptions.cap
Caught 4
Caught double 1.15
Caught table {1, 2 | 3, 4}
Nothing thrown
Nothing caught
===== Testing capacita_programs/exceptions2.cap
divide by zero exception
some exception
exception during function h: divide by zero exception
another divide by zero exception
===== Testing capacita_programs/exceptions3.cap
Error: NonIntegerIndex exception
Trying to index the list [1, 2, 3, 4] with a non-integer index "error"
Original source code:
    Line 2: list["error"]
Internal code:
    Line 3: :jf 10
    Line 4: :no_operation
    Line 5: elem=list[$i0]
--> Line 6: list["error"]
    Line 7: product=product*( elem)
    Line 8: $i0+=1
    Line 9: :cond $i0<list.length()
===== Exception: <type 'exceptions.SystemExit'>
===== Testing capacita_programs/exponent_notation.cap
200100000.0
0.023
0.0797130269571
4.8e+81
-4.8e+81
505
495
325046.296296
8069656.1857
333333.333333
8333333.33333
===== Testing capacita_programs/first_class.cap
1620.0625
2:5
===== Testing capacita_programs/first_class2.cap
10
25
55
55
6
8:1
15:2
10:1
225
10000
25:2
15:1
625
160000
===== Testing capacita_programs/for.cap
0 1 2 3 4 5 6 
Alice, Bob, Carol, David, Eve
10, 40, 70
20, 50, 80
30, 60, 90
100
200, 300
400, 500, 600
700, 800
===== Testing capacita_programs/for_each.cap
1 2 3 
Alex & Alice
Alex & Beth
Alex & Carol
Bob & Alice
Bob & Beth
Bob & Carol
Chris & Alice
Chris & Beth
Chris & Carol
1.2 3.4 5.6 
7.8 9.1 2.3 
4.5 6.7 8.9 
===== Testing capacita_programs/frames.cap
[{'a': 5, 'intDiv': <function intDiv('a', 'b')>, 'b': 7, 'false': False, 'f': <function f('x', 'y') -> ('z = 2', 'w = 3', 'print this', 'return x + y', 'return null')>, 'c': 9, 'makeList': <function makeList(on)>, 'null': None, 'true': True, '$hooks': {'f': <function f('x', 'y') -> ('z = 2', 'w = 3', 'print this', 'return x + y', 'return null')>}}, {'y': 7, 'x': 5, 'z': 2, 'w': 3}]
12
[{'a': 5, 'intDiv': <function intDiv('a', 'b')>, 'b': 7, 'false': False, 'f': <function f('x', 'y') -> ('z = 2', 'w = 3', 'print this', 'return x + y', 'return null')>, 'factorial': <function factorial('n') -> ('print this', ':cond n <= 1', ':jf 4', 'return 1', 'return n * factorial(n - 1)', 'return null')>, 'c': 9, 'makeList': <function makeList(on)>, 'null': None, 'true': True, '$hooks': {'factorial': <function factorial('n') -> ('print this', ':cond n <= 1', ':jf 4', 'return 1', 'return n * factorial(n - 1)', 'return null')>, 'f': <function f('x', 'y') -> ('z = 2', 'w = 3', 'print this', 'return x + y', 'return null')>}}, {'n': 4}]
[{'a': 5, 'intDiv': <function intDiv('a', 'b')>, 'b': 7, 'false': False, 'f': <function f('x', 'y') -> ('z = 2', 'w = 3', 'print this', 'return x + y', 'return null')>, 'factorial': <function factorial('n') -> ('print this', ':cond n <= 1', ':jf 4', 'return 1', 'return n * factorial(n - 1)', 'return null')>, 'c': 9, 'makeList': <function makeList(on)>, 'null': None, 'true': True, '$hooks': {'factorial': <function factorial('n') -> ('print this', ':cond n <= 1', ':jf 4', 'return 1', 'return n * factorial(n - 1)', 'return null')>, 'f': <function f('x', 'y') -> ('z = 2', 'w = 3', 'print this', 'return x + y', 'return null')>}}, {'n': 4}, {'n': 3}]
[{'a': 5, 'intDiv': <function intDiv('a', 'b')>, 'b': 7, 'false': False, 'f': <function f('x', 'y') -> ('z = 2', 'w = 3', 'print this', 'return x + y', 'return null')>, 'factorial': <function factorial('n') -> ('print this', ':cond n <= 1', ':jf 4', 'return 1', 'return n * factorial(n - 1)', 'return null')>, 'c': 9, 'makeList': <function makeList(on)>, 'null': None, 'true': True, '$hooks': {'factorial': <function factorial('n') -> ('print this', ':cond n <= 1', ':jf 4', 'return 1', 'return n * factorial(n - 1)', 'return null')>, 'f': <function f('x', 'y') -> ('z = 2', 'w = 3', 'print this', 'return x + y', 'return null')>}}, {'n': 4}, {'n': 3}, {'n': 2}]
[{'a': 5, 'intDiv': <function intDiv('a', 'b')>, 'b': 7, 'false': False, 'f': <function f('x', 'y') -> ('z = 2', 'w = 3', 'print this', 'return x + y', 'return null')>, 'factorial': <function factorial('n') -> ('print this', ':cond n <= 1', ':jf 4', 'return 1', 'return n * factorial(n - 1)', 'return null')>, 'c': 9, 'makeList': <function makeList(on)>, 'null': None, 'true': True, '$hooks': {'factorial': <function factorial('n') -> ('print this', ':cond n <= 1', ':jf 4', 'return 1', 'return n * factorial(n - 1)', 'return null')>, 'f': <function f('x', 'y') -> ('z = 2', 'w = 3', 'print this', 'return x + y', 'return null')>}}, {'n': 4}, {'n': 3}, {'n': 2}, {'n': 1}]
24
===== Testing capacita_programs/functional.cap
[0, 1, 2, 3, 4, 5, 6, 7, 8, 9, 10]
[0, 1, 4, 9, 16, 25, 36, 49, 64, 81, 100]
[169, 196, 225, 256, 289, 324, 361]
[false, true, false, true, false, true, false]
-13
-81
true
false
true
false
false
true
-31
-1
[<function g('x')>, <function fPrime('x0')>, [70, 71, 72, 73, 74, 75]]
[<function g('x')>, <function g('x')>, <function g('x')>, <function fPrime('x0')>, 160]
5.0
===== Testing capacita_programs/imports.cap
1.41421356237
3.14159265359
2.71828182846
1.61803398875
0.69314718056
1.0
3.0
2.0
1.41421356237
3.14159265359
2.71828182846
1.61803398875
0.69314718056
1.0
3.0
2.0
===== Testing capacita_programs/imports2.cap
333.8335
333.333333333
0.33327779012
-0.111073816811
0.333333333333
-0.111111111111
6765
2432902008176640000
35
1
4
===== Testing capacita_programs/increment_decrement.cap
1
1
0 1 2 3 
27.5625 18.0625 10.5625 5.0625 1.5625 0.0625 
[2.0, 1.0, 4.0]
-1.0
===== Exception: <type 'exceptions.RuntimeError'>
===== Testing capacita_programs/indexing.cap
1
2
3
[1, 1:2]
2:3
3:4
10
60
50
300
600
9
3
4.4
[[2, 3], [0]]
[2, 3]
===== Testing capacita_programs/index_strings.cap
===== Exception: <type 'exceptions.RuntimeError'>
===== Testing capacita_programs/inheritance.cap
Object{#real, 1 | #i, 2 | #imag, 2 | #r, 1 | #$type, "ComplexNumber"}
Object{#real, 3 | #i, 4 | #imag, 4 | #r, 3 | #$type, "ComplexNumber"}
Object{#$type, "PepperoniPizza"}
Object{#$type, "ChocolatePizza"}
===== Testing capacita_programs/inheritance2.cap
Object{#real, 1 | #i, 2 | #imag, 2 | #r, 1 | #$type, "ComplexNumber"}
Object{#real, 3 | #i, 4 | #imag, 4 | #r, 3 | #$type, "ComplexNumber"}
Object{#$type, "PepperoniPizza"}
Object{#$type, "ChocolatePizza"}
Error: MismatchedType exception
{'real': 1, 'i': 2, '$type': '"ComplexNumber"', 'imag': 2, 'this': {...}, 'r': 1} is not of type Pizza
Type tree is: {'Ratio': ('Ratio', 'Rational')
, 'Instance': ('Instance',)
, 'Trigger': ('Trigger',)
, 'Rational': ('Ratio', 'Rational')
, 'ChocolateItem': ('ChocolateItem',)
  ('ChocolatePizza',)
, 'Pizza': ('Pizza',)
  ('PepperoniPizza',)
  ('ChocolatePizza',)
, 'Function': ('Function',)
, 'String': ('String',)
, 'Food': ('Food',)
  ('Pizza',)
    ('PepperoniPizza',)
    ('ChocolatePizza',)
  ('Dessert',)
    ('ChocolateItem',)
      ('ChocolatePizza',)
, 'Dessert': ('Dessert',)
  ('ChocolateItem',)
    ('ChocolatePizza',)
, 'Void': ('Null', 'Void')
, 'Object': ('Object',)
  ('Number',)
    ('Int', 'Integer')
    ('Double',)
    ('Ratio', 'Rational')
    ('ComplexNumber',)
  ('Sequence', 'Iterable')
    ('String',)
    ('List',)
    ('Table',)
  ('Tag',)
  ('Boolean',)
  ('Null', 'Void')
  ('Function',)
  ('Instance',)
  ('Trigger',)
  ('Food',)
    ('Pizza',)
      ('PepperoniPizza',)
      ('ChocolatePizza',)
    ('Dessert',)
      ('ChocolateItem',)
        ('ChocolatePizza',)
, 'Boolean': ('Boolean',)
, 'Integer': ('Int', 'Integer')
, 'Double': ('Double',)
, 'List': ('List',)
, 'ChocolatePizza': ('ChocolatePizza',)
, 'PepperoniPizza': ('PepperoniPizza',)
, 'Sequence': ('Sequence', 'Iterable')
  ('String',)
  ('List',)
  ('Table',)
, 'Int': ('Int', 'Integer')
, 'Number': ('Number',)
  ('Int', 'Integer')
  ('Double',)
  ('Ratio', 'Rational')
  ('ComplexNumber',)
, 'ComplexNumber': ('ComplexNumber',)
, 'Tag': ('Tag',)
, 'Table': ('Table',)
, 'Null': ('Null', 'Void')
, 'Iterable': ('Sequence', 'Iterable')
  ('String',)
  ('List',)
  ('Table',)
}
Original source code:
    Line 1: return this
Internal code:
    Line 1: $type="ChocolatePizza"
--> Line 2: return this
===== Exception: <type 'exceptions.SystemExit'>
===== Testing capacita_programs/lists.cap
[1, 2, 3, 4, 5, 6]
[[1, 2], [3, 4], 5, [6, 7]]
[22, 33]
[2000, 4000]
[3, 4]
[[10, 20], [30, 40]]
[25, 64]
===== Testing capacita_programs/methods.cap
1+2i
null
3+4i
5+6i
null
7+8i
null
9
10
7+8i
===== Testing capacita_programs/methods2.cap
Bob is 25 years old, and is 170 cm tall.
null
null
null
Bob is 27 years old, and is 172 cm tall.
Alice is 24 years old, and is 165 cm tall.
null
null
null
Allison is 25 years old, and is 167 cm tall.
Bob is 27 years old, and is 172 cm tall.
Object{#advance, <function advance() -> ('age = age + 1', 'return null')> | #name, "Allison" | #$type, "Person" | #age, 25 | #height, 167 | #changeName, <function changeName('n') -> ('name = n', 'return null')> | #toString, <function toString() -> ('return name + " is " + age + " years old, and is " + height + " cm tall."', 'return null')> | #grow, <function grow() -> ('height = height + 2', 'return null')> | #$hooks, Object{#advance, <function advance() -> ('age = age + 1', 'return null')> | #changeName, <function changeName('n') -> ('name = n', 'return null')> | #toString, <function toString() -> ('return name + " is " + age + " years old, and is " + height + " cm tall."', 'return null')> | #grow, <function grow() -> ('height = height + 2', 'return null')>}}
Object{#advance, <function advance() -> ('age = age + 1', 'return null')> | #name, "Bob" | #$type, "Person" | #age, 27 | #height, 172 | #changeName, <function changeName('n') -> ('name = n', 'return null')> | #toString, <function toString() -> ('return name + " is " + age + " years old, and is " + height + " cm tall."', 'return null')> | #grow, <function grow() -> ('height = height + 2', 'return null')> | #$hooks, Object{#advance, <function advance() -> ('age = age + 1', 'return null')> | #changeName, <function changeName('n') -> ('name = n', 'return null')> | #toString, <function toString() -> ('return name + " is " + age + " years old, and is " + height + " cm tall."', 'return null')> | #grow, <function grow() -> ('height = height + 2', 'return null')>}}
===== Testing capacita_programs/methods3.cap
Alice drives to work.
Alice does work.
Alice drives to home.
null
Bob drives to work.
Bob does work.
Bob drives to home.
null
Carol rides a bicycle to school.
Carol studies at school.
Carol calls Alice.
Carol rides a bicycle to home.
Carol studies at home.
null
===== Testing capacita_programs/not_operator.cap
true
true
false
true
false
true
===== Testing capacita_programs/objects.cap
Object{#car, 1 | #cdr, 2}
1
2
10
Object{#car, 20 | #cdr, Object{#car, 30 | #cdr, null}}
10
20
30
3
Error: UnrecognizedValue exception
"["size = lengthOf(list)for Int i = 0 cannot be interpreted as an Int, Double, Tag, String, List, operator, or variable name
Original source code:
    Line 2: show "["size = lengthOf(list)for Int i = 0
Internal code:
--> Line 1: show "["size = lengthOf(list)for Int i = 0
    Line 2: i < size
    Line 3: i=i+( 1show first(list)list = followers(list)when i != size - 1show ", "endprint "]")
===== Exception: <type 'exceptions.SystemExit'>
===== Testing capacita_programs/one_line_function.cap
106.09
5.0
105
5000
{#x, 45.0 | #y, 80.0}
===== Testing capacita_programs/operator_overload.cap
===== Exception: <type 'exceptions.RuntimeError'>
===== Testing capacita_programs/power_series.cap
[1.0, 0.995004165278, 0.980066577841, 0.955336489126, 0.921060994003, 0.87758256189, 0.994672175184]
[1.0, 0.995004165278, 0.980066577841, 0.955336489126, 0.921060994003, 0.87758256189, 0.997444046887]
[0.0, 0.0998334166468, 0.198669330795, 0.295520206661, 0.389418342309, 0.479425538604, -0.0722774899698]
[0.0, 0.0998334166468, 0.198669330795, 0.295520206661, 0.389418342309, 0.479425538604, -0.0714518952125]
===== Testing capacita_programs/precedence.cap
50.4
1.41421356237
12string
75string
[-1.0, -1.0]
[0.670745317819, -0.805880452954]
[0.0, 0.0]
[3.5527136788e-15, 0.0]
===== Testing capacita_programs/precedence2.cap
[...]
true
[...]
<function f('x') -> ('return  x + 1', 'return null')>
===== Exception: <type 'exceptions.RuntimeError'>
===== Testing capacita_programs/quotes.cap
'
"
'
"
===== Testing capacita_programs/ratio_division.cap
[-13:8, 60:187, -195:112, -13:8, 0.5, 1:2, 0.5, 1:2, 1:6, 1:24, 1:120]
===== Testing capacita_programs/recursion.cap
24
3628800
126
3
21
14
===== Testing capacita_programs/recursion2.cap
24
3628800
126
3
21
14
true
12
9
===== Testing capacita_programs/restricted_list.cap
[1, 2, 3, 4] of Int
0
["alpha", "beta", "gamma", "delta"] of String
alpha
beta
gamma
delta
4
[1, 2, 3, 4, 3:2, 2.5]
[1, 2, 3, 4, 3:2, 2.5, "alpha", "beta", "gamma", "delta"]
[1, 2, 3, 4, 5, 6.0]
===== Exception: <type 'exceptions.RuntimeError'>
===== Testing capacita_programs/return_type.cap
Meow
Woof
IncorrectReturnType exception
{'this': {...}, '$type': '"Frog"', 'name': '"Alex"'} is not of type Mammal
===== Exception: <type 'exceptions.SystemExit'>
===== Testing capacita_programs/self_reference.cap
Object{#car, 1 | #cdr, ... | #$type, "Cons"}
[1, 2, 3, ...]
{1, 2 | 3, ... | ..., 100}
{1, 2 | 3, ... | ..., ...}
===== Testing capacita_programs/show.cap
5===== Testing capacita_programs/sort.cap
null
[-2400, -500, 1:3, 2:5, 8, 9, 10, 16, 65535]
null
[-2400, -500, 1:3, 2:5, 8, 9, 10, 16, 65535]
===== Testing capacita_programs/special_arguments.cap
[0, 1, 5, 10, 3, 15:28]
[1, 2, 3]
[1, 2, 3, 4, 5]
[1, 2, 5, 18.2, 1:7]
[1, 2, 3, 18.2, 1:7]
[1, 2, 3, 4, 1:7]
60
52003
[1, 2, 3, 4, 5, []]
[1, 2, 4, 5, 6, [3]]
[1, 2, 5, 6, 7, [3, 4]]
[1, 2, []]
[1, 2, []]
[1, 2, [3, 4]]
[3, 4, [1, 2]]
===== Testing capacita_programs/strings.cap
abcdefghijklmnopqrstuvwxyz0123456789
	A
B"C"D\EA
UnmatchedCloseParenthesis exception
On line: print "ABCDEFGHIJKLMNOPQRSTUVWXYZ)!@#$%^&*("
===== Exception: <type 'exceptions.SystemExit'>
===== Testing capacita_programs/string_methods.cap
[97, 65, "a", "A"]
ab word cde
abc word de
de
defghi
efg
bcdefg
abc word fghi
abcd word hi
a word hi
["these", "are", "words"]
["h", "e", "l", "l", "o"]
["h", "", "", "", "", "", "", "o"]
["h", "", "", "", "", "", "", "o"]
["h", "o"]
1
null
StringEmpty exception
Cannot convert first character to integer when string is empty
===== Exception: <type 'exceptions.SystemExit'>
===== Testing capacita_programs/sub.cap
20.6
33
1
0
3
32:1
200 201 202 203 204 205 206 207 208 
null
-5.68 -4.68 -3.68 -2.68 -1.68 -0.68 0.32 1.32 2.32 
null
14
ex why zee
10
5:1
===== Testing capacita_programs/sub2.cap
1 along with 2
ice cream along with eggs and milk
32
32.0
13:7
65.8571428571
something
77.3086790007
hey
 hello 
hi
hey hello hi
"something"
4.84
===== Testing capacita_programs/sub3.cap
3628800
0 1 1 2 3 5 8 13 21 34 55 89 144 233 377 610 
===== Testing capacita_programs/super.cap
*bat noises*
null
meow
null
Hello, my name is Bob, and I am male.
null
Hello, my name is Alice, and I am female.
null
Hello, my name is Chris, and I am male.
null
Hello, my name is Daisy, and I am female.
null
===== Testing capacita_programs/tables.cap
{1, 2 | 3, 4 | 5, 6 | 7, 8 | "pie", "blueberry" | #x, #y}
2
blueberry
#y
6
[1, 3, 5, 7, "pie", #x]
[10, 20, 30]
[1, 2, 3]
[4, 5, 6]
[4, 5, 6]
[10, 20, 30]
true
false
true
false
{1, 2 | 3, 4 | 5, 6 | 7, 8 | "pie", "blueberry" | #x, #y | [1, 2, 3], [4, 5, 6] | [1, 2], [10, 20, 30]}
===== Testing capacita_programs/tables2.cap
{"Bob", 1 | "Alice", 2 | "Eve", 3}
{"Bob", 1 | "Alice", 2 | "Eve", 3}
something
{"Bob", 100 | "Alice", 200 | "Eve", 300}
===== Testing capacita_programs/tables3.cap
{[], 5}
{[], 6}
===== Testing capacita_programs/tags.cap
#something
false
true
false
true
true
===== Testing capacita_programs/test.cap
68
818:7
Hello, world!!!
x is four.
y is positive, possibly 0
Four
u is true
This will be printed.
72
-16.755
-14.755
0 1 2 3 4 5 6 7 8 9 10 11 12 13 14 15 16 17 18 19 
1 2 3 5 8 13 21 34 55 89 144 
===== Testing capacita_programs/this.cap
null
null
null
Error: UnrecognizedValue exception
"["show this cannot be interpreted as an Int, Double, Tag, String, List, operator, or variable name
Original source code:
    Line 22: show "["show this.xshow ", "show this.yprint "]"
Internal code:
--> Line 1: show "["show this.xshow ", "show this.yprint "]"
===== Exception: <type 'exceptions.SystemExit'>
===== Testing capacita_programs/types.cap
[5, 15.6, 17.6]
[500, 15.6, 300]
[]
[4]
[4]
string
44:7
1:2
100
200, 300
400, 500, 600
700, 800
===== Testing capacita_programs/unary_minus.cap
===== Exception: <type 'exceptions.RuntimeError'>
===== Testing capacita_programs/undefined_var.cap
5
5
Error: UndefinedVariable exception
notDefined is not defined.
Original source code:
    Line 9: return notDefined
Internal code:
    Line 1: print b
--> Line 2: return notDefined
===== Exception: <type 'exceptions.SystemExit'>
===== Testing capacita_programs/while.cap
1 2 3 4 5 6 7 8 9 10 11 12 13 14 15 16 17 18 19 20 21 22 23 24 
9 18 27 36 45 54 63 72 81 90 99 108 117 126 135 144 153 
Shown once.
0 1 2 3 4 |0 1 2 3 4 |0 1 2 3 4 |0 1 2 3 4 |0 1 2 3 4 |0 1 2 3 4 |
===== Testing capacita_programs/while2.cap
0 1 2 3 0 1 2 3 0 1 2 3 0 1 2 3 0 1 2 3 
0 1 2 3 
0 1 2 0 1 2 0 1 2 0 1 2 
0 1 2 
===== Testing capacita_programs/while3.cap
0 1 2 3 4 0 1 2 3 4 
101 0 1 2 3 4 102 0 1 2 3 4 103 0 1 2 3 4 104 105 106 107 
===== Testing capacita_programs/zero_args.cap
6
17:2
-5:2
===== Done.
